[sites.google.com/students.lsa.ac.uk/oscar.html]
[backblue.gif]
[fade.gif]
[index.html]
[apis.google.com/js/clientc932.js]
[sites.google.com/students.lsa.ac.uk/oscar/home.html]
[sites.google.com/students.lsa.ac.uk/oscar/ideation.html]
[sites.google.com/students.lsa.ac.uk/oscar/experimentation.html]
[sites.google.com/students.lsa.ac.uk/oscar/preproduction.html]
[sites.google.com/students.lsa.ac.uk/oscar/making.html]
[www.gstatic.com/images/icons/material/product/1x/docs_32dp.png]
[www.google.com/images/icons/product/drive-32.png]
[sites.google.com/students.lsa.ac.uk/oscar.html]
[sites.google.com/students.lsa.ac.uk/oscar/home.html]
[www.gstatic.com/images/icons/material/product/1x/slides_32dp.png]
[www.gstatic.com/images/icons/material/product/1x/sheets_32dp.png]
[sites.google.com/students.lsa.ac.uk/oscar/_https_&.c.delayed]
[sites.google.com/students.lsa.ac.uk/oscar/ideation.html]
[i.ytimg.com/vi/SpT0U-KDcXM/maxresdefault.jpg]
[sites.google.com/students.lsa.ac.uk/oscar/experimentation.html]
[sites.google.com/students.lsa.ac.uk/oscar/preproduction.html]
[sites.google.com/students.lsa.ac.uk/oscar/_https_/twitter.com/hashtag/brexit.edc48.delayed]
[sites.google.com/students.lsa.ac.uk/oscar/_https_/t.co/bUIrBTfM9e__pic.twitter.com/bUIrBTfM9e_/a__/p_&mdash;.f.delayed]
[sites.google.com/students.lsa.ac.uk/oscar/_https_/twitter.com/fred_ukip/status/1787989820481896727.10bb85.delayed]
[sites.google.com/students.lsa.ac.uk/oscar/_https_/platform.twitter.com/widgets.11.delayed]
[sites.google.com/students.lsa.ac.uk/oscar/making.html]
[sites.google.com/students.lsa.ac.uk/oscar/_https_&.html]
[sites.google.com/students.lsa.ac.uk/oscar/_https_/twitter.com/hashtag/brexitdc48.html]
[sites.google.com/students.lsa.ac.uk/oscar/_https_/t.co/bUIrBTfM9e__pic.twitter.com/bUIrBTfM9e_/a__/p_&mdash;.html]
[sites.google.com/students.lsa.ac.uk/oscar/_https_/twitter.com/fred_ukip/status/1787989820481896727bb85.html]
[sites.google.com/students.lsa.ac.uk/oscar/_https_/platform.twitter.com/widgets.html]
